// Jest Snapshot v1, https://goo.gl/fbAQLP

exports[`OPieceSVG should match a snapshot 1`] = `
ShallowWrapper {
  "length": 1,
  Symbol(enzyme.__root__): [Circular],
  Symbol(enzyme.__unrendered__): <OPieceSVG
    margin={25}
/>,
  Symbol(enzyme.__renderer__): Object {
    "batchedUpdates": [Function],
    "getNode": [Function],
    "render": [Function],
    "simulateEvent": [Function],
    "unmount": [Function],
  },
  Symbol(enzyme.__node__): Object {
    "instance": null,
    "key": undefined,
    "nodeType": "host",
    "props": Object {
      "children": Array [
        <EmptyPieceSVG />,
        <circle
          className="o-piece-svg"
          cx="50%"
          cy="50%"
          r={37.5}
/>,
      ],
      "height": "100%",
      "viewBox": "0 0 100 100",
      "width": "100%",
      "x": "0",
      "y": "0",
    },
    "ref": null,
    "rendered": Array [
      Object {
        "instance": null,
        "key": undefined,
        "nodeType": "function",
        "props": Object {},
        "ref": null,
        "rendered": null,
        "type": [Function],
      },
      Object {
        "instance": null,
        "key": undefined,
        "nodeType": "host",
        "props": Object {
          "className": "o-piece-svg",
          "cx": "50%",
          "cy": "50%",
          "r": 37.5,
        },
        "ref": null,
        "rendered": null,
        "type": "circle",
      },
    ],
    "type": "svg",
  },
  Symbol(enzyme.__nodes__): Array [
    Object {
      "instance": null,
      "key": undefined,
      "nodeType": "host",
      "props": Object {
        "children": Array [
          <EmptyPieceSVG />,
          <circle
            className="o-piece-svg"
            cx="50%"
            cy="50%"
            r={37.5}
/>,
        ],
        "height": "100%",
        "viewBox": "0 0 100 100",
        "width": "100%",
        "x": "0",
        "y": "0",
      },
      "ref": null,
      "rendered": Array [
        Object {
          "instance": null,
          "key": undefined,
          "nodeType": "function",
          "props": Object {},
          "ref": null,
          "rendered": null,
          "type": [Function],
        },
        Object {
          "instance": null,
          "key": undefined,
          "nodeType": "host",
          "props": Object {
            "className": "o-piece-svg",
            "cx": "50%",
            "cy": "50%",
            "r": 37.5,
          },
          "ref": null,
          "rendered": null,
          "type": "circle",
        },
      ],
      "type": "svg",
    },
  ],
  Symbol(enzyme.__options__): Object {
    "adapter": ReactSixteenAdapter {
      "options": Object {
        "enableComponentDidUpdateOnSetState": true,
      },
    },
  },
}
`;
